2026-06-22 17:20:26.687 [info] Extension host with pid 4808 started
2026-06-22 17:20:26.716 [info] ExtensionService#_doActivateExtension vscode.git-base, startup: true, activationEvent: '*', root cause: google.antigravity
2026-06-22 17:20:26.727 [info] ExtensionService#_doActivateExtension vscode.git, startup: true, activationEvent: '*', root cause: google.antigravity
2026-06-22 17:20:26.792 [info] ExtensionService#_doActivateExtension vscode.github, startup: true, activationEvent: '*'
2026-06-22 17:20:26.903 [info] ExtensionService#_doActivateExtension google.antigravity, startup: true, activationEvent: '*'
2026-06-22 17:20:27.684 [info] ExtensionService#_doActivateExtension vscode.terminal-suggest, startup: false, activationEvent: 'onTerminalShellIntegration:*'
2026-06-22 17:20:28.363 [info] Extension host terminating: renderer closed the MessagePort
2026-06-22 17:20:28.405 [error] ProxyResolver#addCertificatesV1 Canceled: Canceled
	at new mne (file:///usr/share/antigravity/resources/app/out/vs/workbench/api/node/extensionHostProcess.js:30:122279)
	at D9.U (file:///usr/share/antigravity/resources/app/out/vs/workbench/api/node/extensionHostProcess.js:30:126901)
	at s.<computed>.r.charCodeAt.s.<computed> (file:///usr/share/antigravity/resources/app/out/vs/workbench/api/node/extensionHostProcess.js:30:124393)
	at LS.loadCertificates (file:///usr/share/antigravity/resources/app/out/vs/workbench/api/node/extensionHostProcess.js:114:77504)
	at Object.loadAdditionalCertificates (file:///usr/share/antigravity/resources/app/out/vs/workbench/api/node/extensionHostProcess.js:217:21193)
	at /usr/share/antigravity/resources/app/node_modules/@vscode/proxy-agent/out/index.js:808:49
	at Generator.next (<anonymous>)
	at /usr/share/antigravity/resources/app/node_modules/@vscode/proxy-agent/out/index.js:35:71
	at new Promise (<anonymous>)
	at __awaiter (/usr/share/antigravity/resources/app/node_modules/@vscode/proxy-agent/out/index.js:31:12)
	at /usr/share/antigravity/resources/app/node_modules/@vscode/proxy-agent/out/index.js:807:33
	at /usr/share/antigravity/resources/app/node_modules/@vscode/proxy-agent/out/index.js:810:20
	at Generator.next (<anonymous>)
	at /usr/share/antigravity/resources/app/node_modules/@vscode/proxy-agent/out/index.js:35:71
	at new Promise (<anonymous>)
	at __awaiter (/usr/share/antigravity/resources/app/node_modules/@vscode/proxy-agent/out/index.js:31:12)
	at getOrLoadAdditionalCertificates (/usr/share/antigravity/resources/app/node_modules/@vscode/proxy-agent/out/index.js:803:12)
	at addCertificatesToOptionsV1 (/usr/share/antigravity/resources/app/node_modules/@vscode/proxy-agent/out/index.js:783:9)
	at resolveProxyWithRequest (/usr/share/antigravity/resources/app/node_modules/@vscode/proxy-agent/out/index.js:140:9)
	at /usr/share/antigravity/resources/app/node_modules/@vscode/proxy-agent/out/index.js:372:77
	at new Promise (<anonymous>)
	at PacProxyAgent.resolveP [as resolver] (/usr/share/antigravity/resources/app/node_modules/@vscode/proxy-agent/out/index.js:372:54)
	at PacProxyAgent.<anonymous> (/usr/share/antigravity/resources/app/node_modules/@vscode/proxy-agent/out/agent.js:74:37)
	at Generator.next (<anonymous>)
	at /usr/share/antigravity/resources/app/node_modules/@vscode/proxy-agent/out/agent.js:8:71
	at new Promise (<anonymous>)
	at __awaiter (/usr/share/antigravity/resources/app/node_modules/@vscode/proxy-agent/out/agent.js:4:12)
	at PacProxyAgent.connect (/usr/share/antigravity/resources/app/node_modules/@vscode/proxy-agent/out/agent.js:56:16)
	at /usr/share/antigravity/resources/app/node_modules/agent-base/dist/index.js:130:30
2026-06-22 17:20:28.405 [info] Extension host with pid 4808 exiting with code 0
