2026-06-22 14:43:51.690 [info] Started local extension host with pid 44072.
2026-06-22 14:43:53.088 [error] Ignoring python.analysis.indexing.followSymlinkedFolders as python.analysis.indexing is true
2026-06-22 14:43:53.575 [error] Ignoring python.analysis.indexing.followSymlinkedFolders as python.analysis.indexing is true
2026-06-22 14:43:54.105 [info] [AccountPolicyGate] apply: state=inactive, reason=undefined, isRestricted=false
2026-06-22 14:44:06.205 [info] [AccountPolicyGate] apply: state=inactive, reason=undefined, isRestricted=false
2026-06-22 14:44:06.257 [info] Settings Sync: Account status changed from uninitialized to unavailable
2026-06-22 14:44:06.409 [error] Canceled: Canceled
    at SCe.value (vscode-file://vscode-app/usr/share/code/resources/app/out/vs/workbench/workbench.desktop.main.js:434:72411)
    at _._deliver (vscode-file://vscode-app/usr/share/code/resources/app/out/vs/workbench/workbench.desktop.main.js:433:3268)
    at _._deliverQueue (vscode-file://vscode-app/usr/share/code/resources/app/out/vs/workbench/workbench.desktop.main.js:433:3357)
    at _.fire (vscode-file://vscode-app/usr/share/code/resources/app/out/vs/workbench/workbench.desktop.main.js:433:3692)
    at LCe.cancel (vscode-file://vscode-app/usr/share/code/resources/app/out/vs/workbench/workbench.desktop.main.js:433:31007)
    at $e.cancel (vscode-file://vscode-app/usr/share/code/resources/app/out/vs/workbench/workbench.desktop.main.js:433:31548)
    at Pge.triggerRefresh (vscode-file://vscode-app/usr/share/code/resources/app/out/vs/workbench/workbench.desktop.main.js:1114:16824)
    at SCe.value (vscode-file://vscode-app/usr/share/code/resources/app/out/vs/workbench/workbench.desktop.main.js:1114:14656)
    at _._deliver (vscode-file://vscode-app/usr/share/code/resources/app/out/vs/workbench/workbench.desktop.main.js:433:3268)
    at _.fire (vscode-file://vscode-app/usr/share/code/resources/app/out/vs/workbench/workbench.desktop.main.js:433:3587)
    at SCe.value (vscode-file://vscode-app/usr/share/code/resources/app/out/vs/workbench/workbench.desktop.main.js:1019:62444)
    at _._deliver (vscode-file://vscode-app/usr/share/code/resources/app/out/vs/workbench/workbench.desktop.main.js:433:3268)
    at _._deliverQueue (vscode-file://vscode-app/usr/share/code/resources/app/out/vs/workbench/workbench.desktop.main.js:433:3357)
    at _.fire (vscode-file://vscode-app/usr/share/code/resources/app/out/vs/workbench/workbench.desktop.main.js:433:3692)
    at vscode-file://vscode-app/usr/share/code/resources/app/out/vs/workbench/workbench.desktop.main.js:1019:57285
    at vscode-file://vscode-app/usr/share/code/resources/app/out/vs/workbench/workbench.desktop.main.js:434:74946 Failed to load custom agents
2026-06-22 14:44:07.626 [info] [perf] Render performance baseline is 29ms
2026-06-22 14:50:59.704 [error] [chat setup] signIn: error Error: Cancelled
2026-06-22 14:51:46.367 [error] [Extension Host] (node:44072) [DEP0040] DeprecationWarning: The `punycode` module is deprecated. Please use a userland alternative instead.
(Use `exe --trace-deprecation ...` to show where the warning was created)
2026-06-22 14:51:51.203 [warning] [DefaultAccount] Managed settings fetch returned non-success status 404; falling back to local-only policy
