2026-06-22 15:26:53.714 [info] Reading sessions from keychain...
2026-06-22 15:26:53.714 [info] Getting sessions for all scopes...
2026-06-22 15:26:53.714 [info] Got stored sessions!
2026-06-22 15:26:53.714 [info] Got 1 verified sessions.
2026-06-22 15:26:53.714 [info] Got 1 sessions for ...
2026-06-22 15:26:53.714 [info] Getting sessions for all scopes...
2026-06-22 15:26:53.714 [info] Got 1 sessions for ...
2026-06-22 15:26:53.714 [info] Getting sessions for all scopes...
2026-06-22 15:26:53.714 [info] Got 1 sessions for ...
2026-06-22 15:26:53.714 [info] Getting sessions for all scopes...
2026-06-22 15:26:53.714 [info] Got 1 sessions for ...
2026-06-22 15:26:53.714 [info] Getting sessions for all scopes...
2026-06-22 15:26:53.714 [info] Got 1 sessions for ...
2026-06-22 15:26:53.714 [info] Getting sessions for read:user,repo,user:email,workflow...
2026-06-22 15:26:53.714 [info] Got 1 sessions for read:user,repo,user:email,workflow...
2026-06-22 15:26:54.932 [info] Getting sessions for all scopes...
2026-06-22 15:26:54.932 [info] Got 1 sessions for ...
2026-06-22 15:26:55.676 [info] Getting sessions for read:user,repo,user:email,workflow...
2026-06-22 15:26:55.676 [info] Got 1 sessions for read:user,repo,user:email,workflow...
2026-06-22 15:26:55.678 [info] FetcherService: Electron fetch failed with status: 429 
2026-06-22 15:26:55.692 [info] Unable to resolve optional EDU details. Status: 429 
2026-06-22 15:26:57.199 [info] Getting sessions for all scopes...
2026-06-22 15:26:57.199 [info] Got 1 sessions for ...
2026-06-22 15:26:59.267 [info] Getting sessions for user:email...
2026-06-22 15:26:59.267 [info] Got 0 sessions for user:email...
2026-06-22 15:26:59.379 [info] Getting sessions for all scopes...
2026-06-22 15:26:59.379 [info] Got 1 sessions for ...
2026-06-22 15:26:59.381 [info] Getting sessions for all scopes...
2026-06-22 15:26:59.381 [info] Got 1 sessions for ...
2026-06-22 15:26:59.517 [info] Getting sessions for read:user,repo,user:email,workflow...
2026-06-22 15:26:59.518 [info] Got 1 sessions for read:user,repo,user:email,workflow...
2026-06-22 15:27:00.085 [info] Getting sessions for all scopes...
2026-06-22 15:27:00.085 [info] Got 1 sessions for ...
2026-06-22 15:27:00.194 [info] Getting sessions for all scopes...
2026-06-22 15:27:00.195 [info] Got 1 sessions for ...
2026-06-22 15:27:00.312 [info] Getting sessions for all scopes...
2026-06-22 15:27:00.312 [info] Got 1 sessions for ...
2026-06-22 15:27:00.313 [info] Getting sessions for all scopes...
2026-06-22 15:27:00.313 [info] Got 1 sessions for ...
2026-06-22 15:27:00.332 [info] Getting sessions for all scopes...
2026-06-22 15:27:00.332 [info] Got 1 sessions for ...
2026-06-22 15:27:00.477 [info] Getting sessions for read:user,repo,user:email,workflow...
2026-06-22 15:27:00.477 [info] Got 1 sessions for read:user,repo,user:email,workflow...
2026-06-22 15:27:00.572 [info] Getting sessions for all scopes...
2026-06-22 15:27:00.572 [info] Got 1 sessions for ...
2026-06-22 15:27:00.574 [info] Getting sessions for read:user,repo,user:email,workflow...
2026-06-22 15:27:00.574 [info] Got 1 sessions for read:user,repo,user:email,workflow...
2026-06-22 15:27:01.022 [info] Getting sessions for all scopes...
2026-06-22 15:27:01.022 [info] Got 1 sessions for ...
2026-06-22 15:27:01.024 [info] Getting sessions for read:user,repo,user:email,workflow...
2026-06-22 15:27:01.024 [info] Got 1 sessions for read:user,repo,user:email,workflow...
