2026-06-22 14:43:55.202 [info] Reading sessions from keychain...
2026-06-22 14:43:55.202 [info] Getting sessions for all scopes...
2026-06-22 14:44:06.158 [info] Got 0 sessions for ...
2026-06-22 14:44:06.159 [info] Getting sessions for all scopes...
2026-06-22 14:44:06.159 [info] Got 0 sessions for ...
2026-06-22 14:44:06.159 [info] Getting sessions for all scopes...
2026-06-22 14:44:06.159 [info] Got 0 sessions for ...
2026-06-22 14:44:06.159 [info] Getting sessions for user:email...
2026-06-22 14:44:06.159 [info] Got 0 sessions for user:email...
2026-06-22 14:44:06.200 [info] Getting sessions for all scopes...
2026-06-22 14:44:06.200 [info] Got 0 sessions for ...
2026-06-22 14:44:06.388 [info] Getting sessions for all scopes...
2026-06-22 14:44:06.388 [info] Got 0 sessions for ...
2026-06-22 14:44:31.396 [info] Logging in with google,  'any' account...
2026-06-22 14:44:31.396 [info] Logging in for the following scopes: read:user repo user:email workflow
2026-06-22 14:44:31.713 [info] Trying with local server... (read:user repo user:email workflow)
2026-06-22 14:49:31.718 [error] Timed out
2026-06-22 14:51:01.265 [info] Logging in with google,  'any' account...
2026-06-22 14:51:01.266 [info] Logging in for the following scopes: read:user repo user:email workflow
2026-06-22 14:51:01.271 [info] Trying with local server... (read:user repo user:email workflow)
2026-06-22 14:51:26.861 [error] User Cancelled
2026-06-22 14:51:31.063 [info] Trying without local server... (read:user repo user:email workflow)
2026-06-22 14:51:41.029 [info] Exchanging code for token...
2026-06-22 14:51:41.527 [info] Token exchange success!
2026-06-22 14:51:41.529 [info] Getting user info...
2026-06-22 14:51:42.131 [info] Got account info!
2026-06-22 14:51:42.131 [info] Storing 1 sessions...
2026-06-22 14:51:42.138 [info] Reading sessions from keychain...
2026-06-22 14:51:42.138 [info] Stored 1 sessions!
2026-06-22 14:51:42.139 [info] Login success!
2026-06-22 14:51:42.139 [info] Got stored sessions!
2026-06-22 14:51:42.140 [info] Got 1 verified sessions.
2026-06-22 14:51:42.140 [info] Getting sessions for user:email...
2026-06-22 14:51:42.141 [info] Got 0 sessions for user:email...
2026-06-22 14:51:42.243 [info] Getting sessions for all scopes...
2026-06-22 14:51:42.243 [info] Got 1 sessions for ...
2026-06-22 14:51:42.244 [info] Getting sessions for all scopes...
2026-06-22 14:51:42.244 [info] Got 1 sessions for ...
2026-06-22 14:51:42.667 [info] FetcherService: Electron fetch failed with status: 429 
2026-06-22 14:51:42.667 [info] Unable to resolve optional EDU details. Status: 429 
2026-06-22 14:51:42.953 [info] Getting sessions for all scopes...
2026-06-22 14:51:42.953 [info] Got 1 sessions for ...
2026-06-22 14:51:46.691 [info] Getting sessions for all scopes...
2026-06-22 14:51:46.691 [info] Got 1 sessions for ...
2026-06-22 14:51:46.691 [info] Getting sessions for all scopes...
2026-06-22 14:51:46.691 [info] Got 1 sessions for ...
2026-06-22 14:51:46.866 [info] Getting sessions for read:user,repo,user:email,workflow...
2026-06-22 14:51:46.866 [info] Got 1 sessions for read:user,repo,user:email,workflow...
2026-06-22 14:51:46.874 [info] Getting sessions for user:email...
2026-06-22 14:51:46.874 [info] Got 0 sessions for user:email...
2026-06-22 14:51:46.890 [info] Getting sessions for all scopes...
2026-06-22 14:51:46.890 [info] Got 1 sessions for ...
2026-06-22 14:51:46.892 [info] Getting sessions for read:user,repo,user:email,workflow...
2026-06-22 14:51:46.892 [info] Got 1 sessions for read:user,repo,user:email,workflow...
2026-06-22 14:51:48.520 [info] Getting sessions for all scopes...
2026-06-22 14:51:48.520 [info] Got 1 sessions for ...
2026-06-22 14:51:48.520 [info] Getting sessions for all scopes...
2026-06-22 14:51:48.520 [info] Got 1 sessions for ...
2026-06-22 14:51:48.864 [info] Getting sessions for read:user,repo,user:email,workflow...
2026-06-22 14:51:48.864 [info] Got 1 sessions for read:user,repo,user:email,workflow...
2026-06-22 14:51:49.081 [info] Getting sessions for all scopes...
2026-06-22 14:51:49.081 [info] Got 1 sessions for ...
2026-06-22 14:51:49.081 [info] Getting sessions for all scopes...
2026-06-22 14:51:49.081 [info] Got 1 sessions for ...
2026-06-22 14:51:49.145 [info] Getting sessions for all scopes...
2026-06-22 14:51:49.145 [info] Got 1 sessions for ...
2026-06-22 14:51:49.179 [info] Getting sessions for read:user,repo,user:email,workflow...
2026-06-22 14:51:49.179 [info] Got 1 sessions for read:user,repo,user:email,workflow...
2026-06-22 14:51:49.181 [info] Getting sessions for all scopes...
2026-06-22 14:51:49.181 [info] Got 1 sessions for ...
2026-06-22 14:51:49.682 [info] Getting sessions for all scopes...
2026-06-22 14:51:49.683 [info] Got 1 sessions for ...
2026-06-22 14:51:49.684 [info] Getting sessions for read:user,repo,user:email,workflow...
2026-06-22 14:51:49.684 [info] Got 1 sessions for read:user,repo,user:email,workflow...
2026-06-22 14:51:49.867 [info] Getting sessions for all scopes...
2026-06-22 14:51:49.867 [info] Got 1 sessions for ...
2026-06-22 14:51:49.869 [info] Getting sessions for read:user,repo,user:email,workflow...
2026-06-22 14:51:49.869 [info] Got 1 sessions for read:user,repo,user:email,workflow...
2026-06-22 14:52:24.635 [info] Getting sessions for all scopes...
2026-06-22 14:52:24.636 [info] Got 1 sessions for ...
2026-06-22 14:52:24.637 [info] Getting sessions for all scopes...
2026-06-22 14:52:24.637 [info] Got 1 sessions for ...
2026-06-22 14:56:37.432 [info] Getting sessions for all scopes...
2026-06-22 14:56:37.433 [info] Got 1 sessions for ...
2026-06-22 14:56:37.433 [info] Getting sessions for all scopes...
2026-06-22 14:56:37.433 [info] Got 1 sessions for ...
2026-06-22 14:56:48.063 [info] Getting sessions for all scopes...
2026-06-22 14:56:48.063 [info] Got 1 sessions for ...
2026-06-22 14:56:48.064 [info] Getting sessions for all scopes...
2026-06-22 14:56:48.064 [info] Got 1 sessions for ...
2026-06-22 14:57:39.026 [info] Getting sessions for all scopes...
2026-06-22 14:57:39.026 [info] Got 1 sessions for ...
2026-06-22 14:57:39.028 [info] Getting sessions for all scopes...
2026-06-22 14:57:39.028 [info] Got 1 sessions for ...
2026-06-22 14:58:27.375 [info] Getting sessions for all scopes...
2026-06-22 14:58:27.375 [info] Got 1 sessions for ...
2026-06-22 14:58:27.376 [info] Getting sessions for all scopes...
2026-06-22 14:58:27.376 [info] Got 1 sessions for ...
2026-06-22 14:58:52.750 [info] Getting sessions for all scopes...
2026-06-22 14:58:52.750 [info] Got 1 sessions for ...
2026-06-22 14:58:52.751 [info] Getting sessions for all scopes...
2026-06-22 14:58:52.751 [info] Got 1 sessions for ...
2026-06-22 14:59:10.994 [info] Getting sessions for all scopes...
2026-06-22 14:59:10.994 [info] Got 1 sessions for ...
2026-06-22 14:59:10.995 [info] Getting sessions for all scopes...
2026-06-22 14:59:10.995 [info] Got 1 sessions for ...
2026-06-22 14:59:51.165 [info] Getting sessions for all scopes...
2026-06-22 14:59:51.165 [info] Got 1 sessions for ...
2026-06-22 14:59:51.166 [info] Getting sessions for all scopes...
2026-06-22 14:59:51.166 [info] Got 1 sessions for ...
2026-06-22 14:59:55.385 [info] Getting sessions for all scopes...
2026-06-22 14:59:55.385 [info] Got 1 sessions for ...
2026-06-22 14:59:55.386 [info] Getting sessions for all scopes...
2026-06-22 14:59:55.386 [info] Got 1 sessions for ...
2026-06-22 15:00:06.967 [info] Getting sessions for all scopes...
2026-06-22 15:00:06.967 [info] Got 1 sessions for ...
2026-06-22 15:00:06.979 [info] Getting sessions for all scopes...
2026-06-22 15:00:06.979 [info] Got 1 sessions for ...
2026-06-22 15:00:07.313 [info] Getting sessions for all scopes...
2026-06-22 15:00:07.313 [info] Got 1 sessions for ...
2026-06-22 15:00:07.316 [info] Getting sessions for all scopes...
2026-06-22 15:00:07.316 [info] Got 1 sessions for ...
2026-06-22 15:00:10.928 [info] Getting sessions for all scopes...
2026-06-22 15:00:10.928 [info] Got 1 sessions for ...
2026-06-22 15:00:10.929 [info] Getting sessions for all scopes...
2026-06-22 15:00:10.929 [info] Got 1 sessions for ...
