2026-06-22 17:26:44.158 [info] Reading sessions from keychain...
2026-06-22 17:26:44.158 [info] Getting sessions for all scopes...
2026-06-22 17:26:44.158 [info] Got stored sessions!
2026-06-22 17:26:44.158 [info] Got 1 verified sessions.
2026-06-22 17:26:44.158 [info] Got 1 sessions for ...
2026-06-22 17:26:44.158 [info] Getting sessions for all scopes...
2026-06-22 17:26:44.158 [info] Got 1 sessions for ...
2026-06-22 17:26:44.158 [info] Getting sessions for all scopes...
2026-06-22 17:26:44.158 [info] Got 1 sessions for ...
2026-06-22 17:26:44.158 [info] Getting sessions for all scopes...
2026-06-22 17:26:44.158 [info] Got 1 sessions for ...
2026-06-22 17:26:44.158 [info] Getting sessions for all scopes...
2026-06-22 17:26:44.158 [info] Got 1 sessions for ...
2026-06-22 17:26:46.704 [info] Getting sessions for user:email...
2026-06-22 17:26:46.704 [info] Got 0 sessions for user:email...
2026-06-22 17:26:46.740 [info] Getting sessions for all scopes...
2026-06-22 17:26:46.740 [info] Got 1 sessions for ...
2026-06-22 17:26:46.878 [info] Getting sessions for all scopes...
2026-06-22 17:26:46.878 [info] Got 1 sessions for ...
2026-06-22 17:26:46.878 [info] Getting sessions for all scopes...
2026-06-22 17:26:46.878 [info] Got 1 sessions for ...
2026-06-22 17:26:47.146 [info] Getting sessions for read:user,repo,user:email,workflow...
2026-06-22 17:26:47.147 [info] Got 1 sessions for read:user,repo,user:email,workflow...
2026-06-22 17:26:47.839 [info] Getting sessions for user:email...
2026-06-22 17:26:47.839 [info] Got 0 sessions for user:email...
2026-06-22 17:26:47.860 [info] Getting sessions for all scopes...
2026-06-22 17:26:47.860 [info] Got 1 sessions for ...
2026-06-22 17:26:47.867 [info] Getting sessions for read:user,repo,user:email,workflow...
2026-06-22 17:26:47.867 [info] Got 1 sessions for read:user,repo,user:email,workflow...
2026-06-22 17:26:50.038 [info] FetcherService: Electron fetch failed with status: 429 
2026-06-22 17:26:50.047 [info] Unable to resolve optional EDU details. Status: 429 
2026-06-22 17:26:50.281 [info] Getting sessions for all scopes...
2026-06-22 17:26:50.281 [info] Got 1 sessions for ...
2026-06-22 17:26:50.282 [info] Getting sessions for all scopes...
2026-06-22 17:26:50.282 [info] Got 1 sessions for ...
2026-06-22 17:26:50.519 [info] Getting sessions for read:user,repo,user:email,workflow...
2026-06-22 17:26:50.519 [info] Got 1 sessions for read:user,repo,user:email,workflow...
2026-06-22 17:26:50.882 [info] Getting sessions for all scopes...
2026-06-22 17:26:50.882 [info] Got 1 sessions for ...
2026-06-22 17:26:50.883 [info] Getting sessions for all scopes...
2026-06-22 17:26:50.883 [info] Got 1 sessions for ...
2026-06-22 17:26:50.901 [info] Getting sessions for read:user,repo,user:email,workflow...
2026-06-22 17:26:50.901 [info] Got 1 sessions for read:user,repo,user:email,workflow...
2026-06-22 17:26:51.218 [info] Getting sessions for all scopes...
2026-06-22 17:26:51.218 [info] Got 1 sessions for ...
2026-06-22 17:26:51.219 [info] Getting sessions for all scopes...
2026-06-22 17:26:51.219 [info] Got 1 sessions for ...
2026-06-22 17:26:51.396 [info] Getting sessions for all scopes...
2026-06-22 17:26:51.396 [info] Got 1 sessions for ...
2026-06-22 17:26:51.398 [info] Getting sessions for read:user,repo,user:email,workflow...
2026-06-22 17:26:51.398 [info] Got 1 sessions for read:user,repo,user:email,workflow...
2026-06-22 17:26:52.085 [info] Getting sessions for all scopes...
2026-06-22 17:26:52.085 [info] Got 1 sessions for ...
2026-06-22 17:26:52.088 [info] Getting sessions for read:user,repo,user:email,workflow...
2026-06-22 17:26:52.088 [info] Got 1 sessions for read:user,repo,user:email,workflow...
2026-06-22 17:27:05.031 [info] Getting sessions for all scopes...
2026-06-22 17:27:05.031 [info] Got 1 sessions for ...
2026-06-22 17:27:05.037 [info] Getting sessions for all scopes...
2026-06-22 17:27:05.037 [info] Got 1 sessions for ...
2026-06-22 17:49:27.582 [info] Getting sessions for all scopes...
2026-06-22 17:49:27.582 [info] Got 1 sessions for ...
2026-06-22 17:49:27.585 [info] Getting sessions for read:user,repo,user:email,workflow...
2026-06-22 17:49:27.585 [info] Got 1 sessions for read:user,repo,user:email,workflow...
2026-06-22 17:49:28.524 [info] Getting sessions for all scopes...
2026-06-22 17:49:28.524 [info] Got 1 sessions for ...
2026-06-22 17:49:28.524 [info] Getting sessions for all scopes...
2026-06-22 17:49:28.524 [info] Got 1 sessions for ...
2026-06-22 17:49:28.528 [info] Getting sessions for read:user,repo,user:email,workflow...
2026-06-22 17:49:28.528 [info] Got 1 sessions for read:user,repo,user:email,workflow...
2026-06-22 17:49:28.576 [info] Getting sessions for all scopes...
2026-06-22 17:49:28.576 [info] Got 1 sessions for ...
2026-06-22 17:49:28.583 [info] Getting sessions for all scopes...
2026-06-22 17:49:28.583 [info] Got 1 sessions for ...
2026-06-22 17:49:28.590 [info] Getting sessions for read:user,repo,user:email,workflow...
2026-06-22 17:49:28.590 [info] Got 1 sessions for read:user,repo,user:email,workflow...
2026-06-22 17:53:32.906 [info] Getting sessions for all scopes...
2026-06-22 17:53:32.906 [info] Got 1 sessions for ...
2026-06-22 17:53:32.930 [info] Getting sessions for read:user,repo,user:email,workflow...
2026-06-22 17:53:32.930 [info] Got 1 sessions for read:user,repo,user:email,workflow...
2026-06-22 17:53:35.339 [info] Getting sessions for all scopes...
2026-06-22 17:53:35.339 [info] Got 1 sessions for ...
2026-06-22 17:53:35.344 [info] Getting sessions for read:user,repo,user:email,workflow...
2026-06-22 17:53:35.344 [info] Got 1 sessions for read:user,repo,user:email,workflow...
