2026-06-22 15:18:23.079 [info] [BrowserOnboardingClientMainService] Starting browser onboarding server
2026-06-22 15:18:23.238 [info] update#setState idle
2026-06-22 15:18:23.245 [info] [BrowserOnboardingClientServer] Browser onboarding server started on http://localhost:40921
2026-06-22 15:18:23.411 [info] [OAuthTokenLifecycle] Starting one-time OAuth token migration from legacy state sync
2026-06-22 15:18:23.411 [info] [OAuthTokenLifecycle] No agent manager init state found, skipping migration
2026-06-22 15:18:23.412 [info] [OverrideStoreLifecycle] Migrating secure mode from agent preferences to override store
2026-06-22 15:18:23.617 [info] Started initializing default profile extensions in extensions installation folder. file:///home/sara/.antigravity/extensions
2026-06-22 15:18:23.621 [info] Completed initializing default profile extensions in extensions installation folder. file:///home/sara/.antigravity/extensions
2026-06-22 15:18:25.678 [info] [SidebarWorkspacesLifecycle] Running one-time migration from agent manager init state
2026-06-22 15:18:25.679 [info] [SidebarWorkspacesLifecycle] No agent manager init state found, skipping migration
2026-06-22 15:18:25.679 [info] [SidebarWorkspacesLifecycle] Running scratch workspace cleanup migration
2026-06-22 15:18:25.679 [info] [SidebarWorkspacesLifecycle] No empty scratch workspaces to clean up
2026-06-22 15:18:28.209 [info] [ArtifactReviewLifecycle] Running one-time migration from agent manager init state
2026-06-22 15:18:28.209 [info] [ArtifactReviewLifecycle] No agent manager init state found, skipping migration
2026-06-22 15:18:53.240 [info] update#setState checking for updates
2026-06-22 15:18:53.560 [info] update#setState available for download
2026-06-22 15:19:18.855 [warning] No ptyHost heartbeat after 6 seconds
2026-06-22 15:19:34.431 [info] Extension host with pid 66787 exited with code: 0, signal: unknown.
2026-06-22 15:19:42.231 [info] Extension host with pid 67311 exited with code: 0, signal: unknown.
2026-06-22 15:24:46.662 [info] Extension host with pid 67401 exited with code: 0, signal: unknown.
