2026-06-23 16:30:55.792 [info] [main] Log level: Info
2026-06-23 16:30:55.792 [info] [main] Validating found git in: "git"
2026-06-23 16:30:55.792 [info] [main] Using git "2.34.1" from "git"
2026-06-23 16:30:55.792 [info] [Model][doInitialScan] Initial repository scan started
2026-06-23 16:30:55.792 [info] > git rev-parse --show-toplevel [17ms]
2026-06-23 16:30:55.792 [info] > git rev-parse --git-dir --git-common-dir --show-superproject-working-tree [113ms]
2026-06-23 16:30:55.792 [info] [Model][openRepository] Opened repository (path): /home/sara/Documents/GitHub/learnpython
2026-06-23 16:30:55.792 [info] [Model][openRepository] Opened repository (real path): /home/sara/Documents/GitHub/learnpython
2026-06-23 16:30:55.792 [info] [Model][openRepository] Opened repository (kind): repository
2026-06-23 16:30:55.792 [info] [Model][doInitialScan] Initial repository scan completed - repositories (1), closed repositories (0), parent repositories (0), unsafe repositories (0)
2026-06-23 16:30:55.792 [info] > git config --get commit.template [29ms]
2026-06-23 16:30:55.800 [info] > git for-each-ref --format=%(refname)%00%(upstream:short)%00%(objectname)%00%(upstream:track)%00%(upstream:remotename)%00%(upstream:remoteref) refs/heads/main refs/remotes/main [13ms]
2026-06-23 16:30:55.851 [info] > git status -z -uall [21ms]
2026-06-23 16:30:55.857 [info] > git for-each-ref --sort -committerdate --format %(refname)%00%(objectname)%00%(*objectname) [12ms]
2026-06-23 16:30:55.950 [info] > git for-each-ref --format=%(refname)%00%(upstream:short)%00%(objectname)%00%(upstream:track)%00%(upstream:remotename)%00%(upstream:remoteref) refs/heads/main refs/remotes/main [37ms]
2026-06-23 16:30:56.088 [info] > git config --get --local branch.main.vscode-merge-base [117ms]
2026-06-23 16:30:56.107 [info] > git config --get commit.template [159ms]
2026-06-23 16:30:56.128 [info] > git for-each-ref --format=%(refname)%00%(upstream:short)%00%(objectname)%00%(upstream:track)%00%(upstream:remotename)%00%(upstream:remoteref) refs/heads/origin/main refs/remotes/origin/main [22ms]
2026-06-23 16:30:56.168 [info] > git for-each-ref --format=%(refname)%00%(upstream:short)%00%(objectname)%00%(upstream:track)%00%(upstream:remotename)%00%(upstream:remoteref) refs/heads/main refs/remotes/main [5ms]
2026-06-23 16:30:56.168 [info] > git merge-base refs/heads/main refs/remotes/origin/main [19ms]
2026-06-23 16:30:56.210 [info] > git status -z -uall [19ms]
2026-06-23 16:30:56.210 [info] > git for-each-ref --sort -committerdate --format %(refname)%00%(objectname)%00%(*objectname) [6ms]
2026-06-23 16:30:56.237 [info] > git diff --name-status -z --diff-filter=ADMR --find-renames=50% 30080f52ea73448260776adeccc723630bcae379...refs/remotes/origin/main -- [58ms]
2026-06-23 16:30:56.281 [info] > git merge-base refs/heads/main refs/remotes/origin/main [50ms]
2026-06-23 16:30:56.382 [info] > git diff --name-status -z --diff-filter=ADMR --find-renames=50% 30080f52ea73448260776adeccc723630bcae379...refs/remotes/origin/main -- [84ms]
