2026-06-22 15:09:32.477 [info] Python-envs extension version: 1.36.0
2026-06-22 15:09:32.477 [info] 
=== Python Envs Configuration Levels ===
2026-06-22 15:09:32.477 [info] {
  "section": "Python Envs Configuration Levels",
  "defaultEnvManager": {
    "workspaceFolderValue": "undefined",
    "workspaceValue": "undefined",
    "globalValue": "undefined",
    "defaultValue": "ms-python.python:venv"
  },
  "defaultPackageManager": {
    "workspaceFolderValue": "undefined",
    "workspaceValue": "undefined",
    "globalValue": "undefined",
    "defaultValue": "ms-python.python:pip"
  }
}
2026-06-22 15:09:32.477 [info] [pet] Starting Python Locator /home/sara/.vscode/extensions/ms-python.vscode-python-envs-1.36.0-linux-x64/python-env-tools/bin/pet server
2026-06-22 15:09:32.477 [info] Registering pyenv manager (environments will be discovered lazily)
2026-06-22 15:09:32.477 [info] Registering pipenv manager (environments will be discovered lazily)
2026-06-22 15:09:32.477 [info] Registering poetry manager (environments will be discovered lazily)
2026-06-22 15:09:32.791 [info] [pet] configure: Sending configuration update: {"workspaceDirectories":["/home/sara/projects"],"environmentDirectories":["/home/sara/projects/.venv","/home/sara/projects/*/.venv"],"pipenvExecutable":"pipenv","poetryExecutable":"poetry","cacheDirectory":"/home/sara/.config/Code/User/globalStorage/ms-python.vscode-python-envs/pythonLocator"}
2026-06-22 15:09:32.878 [info] Discovered env: /usr/local/bin/python
2026-06-22 15:09:32.971 [info] Discovered env: /usr/bin/python3
2026-06-22 15:09:32.972 [info] Discovered env: /usr/bin/python3.14
2026-06-22 15:09:32.977 [info] Conda not found, turning off conda features. [Error: Conda not found
	at L (/home/sara/.vscode/extensions/ms-python.vscode-python-envs-1.36.0-linux-x64/dist/extension.js:2:629081)
	at async V (/home/sara/.vscode/extensions/ms-python.vscode-python-envs-1.36.0-linux-x64/dist/extension.js:2:629206)
	at async t.registerCondaFeatures (/home/sara/.vscode/extensions/ms-python.vscode-python-envs-1.36.0-linux-x64/dist/extension.js:2:648591)
	at async t.safeRegister (/home/sara/.vscode/extensions/ms-python.vscode-python-envs-1.36.0-linux-x64/dist/extension.js:2:290365)
	at async Promise.all (index 1)
	at async Immediate.<anonymous> (/home/sara/.vscode/extensions/ms-python.vscode-python-envs-1.36.0-linux-x64/dist/extension.js:2:782813)]
2026-06-22 15:09:32.980 [info] [interpreterSelection] Applying initial environment selection for 1 workspace folder(s)
2026-06-22 15:09:32.988 [error] [pet] [2m   0.977362394s[0m [31mERROR[0m [2mpet_python_utils::env[0m[2m:[0m Failed to spawn Python to resolve info "/bin/python3.12": No such file or directory (os error 2)
[2m   0.977441425s[0m [33m WARN[0m [2mpet::resolve[0m[2m:[0m Unknown Python Env "/bin/python3.12"
[2m   0.977461944s[0m [31mERROR[0m [2mpet::jsonrpc[0m[2m:[0m Failed to resolve env "/bin/python3.12"

2026-06-22 15:09:32.991 [warning] [priorityChain] /home/sara/projects defaultInterpreterPath '/bin/python3.12' unresolvable, falling back to auto-discovery
2026-06-22 15:09:32.996 [info] [SYS_SET] scope=/home/sara/projects, project=/home/sara/projects, normalizedKey=/home/sara/projects, env=Python 3.14.0.final.0-0gkngkmsilc
2026-06-22 15:09:33.001 [info] Extension for manager ms-python.python:venv is not active: Activating...
2026-06-22 15:09:33.004 [info] Python API: Changed environment from undefined to Python 3.14.0.final.0 for: /home/sara/projects
2026-06-22 15:09:33.004 [info] Internal: Changed environment from undefined to Python 3.14.0.final.0 for: /home/sara/projects
2026-06-22 15:09:33.006 [info] [interpreterSelection] projects: Python 3.14.0.final.0 (source: autoDiscovery)
2026-06-22 15:09:33.006 [info] [interpreterSelection] Workspace env resolved, deferring global scope to background
2026-06-22 15:09:33.010 [error] [pet] [2m   0.999754191s[0m [31mERROR[0m [2mpet_python_utils::env[0m[2m:[0m Failed to spawn Python to resolve info "/bin/python3.12": No such file or directory (os error 2)
[2m   0.999778227s[0m [33m WARN[0m [2mpet::resolve[0m[2m:[0m Unknown Python Env "/bin/python3.12"
[2m   0.999785941s[0m [31mERROR[0m [2mpet::jsonrpc[0m[2m:[0m Failed to resolve env "/bin/python3.12"

2026-06-22 15:09:33.011 [warning] [priorityChain:global] defaultInterpreterPath '/bin/python3.12' unresolvable, falling back to auto-discovery
2026-06-22 15:09:33.016 [info] Python API: Changed environment from undefined to Python 3.14.0.final.0 for: global
2026-06-22 15:09:33.016 [info] Internal: Changed environment from undefined to Python 3.14.0.final.0 for: global
2026-06-22 15:09:33.016 [info] [interpreterSelection] global: Python 3.14.0.final.0 (source: autoDiscovery)
2026-06-22 15:11:31.852 [error] Setup appears hung during stage: envSelection
