2026-06-22 16:09:47.179 [info] Started local extension host with pid 72929.
2026-06-22 16:09:47.563 [error] Ignoring python.analysis.indexing.followSymlinkedFolders as python.analysis.indexing is true
2026-06-22 16:09:48.183 [error] Ignoring python.analysis.indexing.followSymlinkedFolders as python.analysis.indexing is true
2026-06-22 16:09:49.780 [info] [AccountPolicyGate] apply: state=inactive, reason=undefined, isRestricted=false
2026-06-22 16:09:52.474 [info] [perf] Render performance baseline is 29ms
2026-06-22 16:09:52.571 [error] [Extension Host] (node:72929) [DEP0040] DeprecationWarning: The `punycode` module is deprecated. Please use a userland alternative instead.
(Use `exe --trace-deprecation ...` to show where the warning was created)
2026-06-22 16:09:53.131 [info] Settings Sync: Account status changed from uninitialized to unavailable
2026-06-22 16:09:54.781 [info] [AccountPolicyGate] apply: state=inactive, reason=undefined, isRestricted=false
2026-06-22 16:10:00.174 [warning] [DefaultAccount] Managed settings fetch returned non-success status 404; falling back to local-only policy
2026-06-22 16:10:13.464 [warning] [DefaultAccount] Managed settings fetch returned non-success status 404; falling back to local-only policy
2026-06-22 16:13:12.485 [error] Make sure the ref is set before accessing the element. Maybe wrong initialization order?: Error: Make sure the ref is set before accessing the element. Maybe wrong initialization order?
    at l.get (vscode-file://vscode-app/usr/share/code/resources/app/out/vs/workbench/workbench.desktop.main.js:439:23851)
    at VZ.triggerAnimation (vscode-file://vscode-app/usr/share/code/resources/app/out/vs/workbench/workbench.desktop.main.js:936:119482)
    at vscode-file://vscode-app/usr/share/code/resources/app/out/vs/workbench/workbench.desktop.main.js:936:121781
    at vscode-file://vscode-app/usr/share/code/resources/app/out/vs/workbench/workbench.desktop.main.js:435:26242
    at vscode-file://vscode-app/usr/share/code/resources/app/out/vs/workbench/workbench.desktop.main.js:435:26143
    at vscode-file://vscode-app/usr/share/code/resources/app/out/vs/workbench/workbench.desktop.main.js:435:26053
    at eH._runFn (vscode-file://vscode-app/usr/share/code/resources/app/out/vs/workbench/workbench.desktop.main.js:435:9361)
    at eH._run (vscode-file://vscode-app/usr/share/code/resources/app/out/vs/workbench/workbench.desktop.main.js:435:6694)
    at eH.endUpdate (vscode-file://vscode-app/usr/share/code/resources/app/out/vs/workbench/workbench.desktop.main.js:435:7325)
    at jb.endUpdate (vscode-file://vscode-app/usr/share/code/resources/app/out/vs/workbench/workbench.desktop.main.js:435:14169)
    at OF.finish (vscode-file://vscode-app/usr/share/code/resources/app/out/vs/workbench/workbench.desktop.main.js:434:110359)
    at UA.set (vscode-file://vscode-app/usr/share/code/resources/app/out/vs/workbench/workbench.desktop.main.js:435:2882)
    at new iDe (vscode-file://vscode-app/usr/share/code/resources/app/out/vs/workbench/workbench.desktop.main.js:936:121298)
    at a._createInstance (vscode-file://vscode-app/usr/share/code/resources/app/out/vs/workbench/workbench.desktop.main.js:1964:2000)
    at a.createInstance (vscode-file://vscode-app/usr/share/code/resources/app/out/vs/workbench/workbench.desktop.main.js:1964:1440)
    at jb._computeFn (vscode-file://vscode-app/usr/share/code/resources/app/out/vs/workbench/workbench.desktop.main.js:943:853)
    at jb._recompute (vscode-file://vscode-app/usr/share/code/resources/app/out/vs/workbench/workbench.desktop.main.js:435:13168)
    at jb.get (vscode-file://vscode-app/usr/share/code/resources/app/out/vs/workbench/workbench.desktop.main.js:435:12502)
    at jb.reportChanges (vscode-file://vscode-app/usr/share/code/resources/app/out/vs/workbench/workbench.desktop.main.js:435:497)
    at nyt.endUpdate (vscode-file://vscode-app/usr/share/code/resources/app/out/vs/workbench/workbench.desktop.main.js:435:22977)
    at jb.endUpdate (vscode-file://vscode-app/usr/share/code/resources/app/out/vs/workbench/workbench.desktop.main.js:435:14169)
    at jb.endUpdate (vscode-file://vscode-app/usr/share/code/resources/app/out/vs/workbench/workbench.desktop.main.js:435:14169)
    at jb.endUpdate (vscode-file://vscode-app/usr/share/code/resources/app/out/vs/workbench/workbench.desktop.main.js:435:14169)
    at jb.endUpdate (vscode-file://vscode-app/usr/share/code/resources/app/out/vs/workbench/workbench.desktop.main.js:435:14169)
    at jb.endUpdate (vscode-file://vscode-app/usr/share/code/resources/app/out/vs/workbench/workbench.desktop.main.js:435:14169)
    at jb.endUpdate (vscode-file://vscode-app/usr/share/code/resources/app/out/vs/workbench/workbench.desktop.main.js:435:14169)
    at jb.endUpdate (vscode-file://vscode-app/usr/share/code/resources/app/out/vs/workbench/workbench.desktop.main.js:435:14169)
    at jb.endUpdate (vscode-file://vscode-app/usr/share/code/resources/app/out/vs/workbench/workbench.desktop.main.js:435:14169)
    at jb.endUpdate (vscode-file://vscode-app/usr/share/code/resources/app/out/vs/workbench/workbench.desktop.main.js:435:14169)
    at jb.endUpdate (vscode-file://vscode-app/usr/share/code/resources/app/out/vs/workbench/workbench.desktop.main.js:435:14169)
    at YCe.endUpdate (vscode-file://vscode-app/usr/share/code/resources/app/out/vs/workbench/workbench.desktop.main.js:435:14169)
    at OF.finish (vscode-file://vscode-app/usr/share/code/resources/app/out/vs/workbench/workbench.desktop.main.js:434:110359)
    at ji (vscode-file://vscode-app/usr/share/code/resources/app/out/vs/workbench/workbench.desktop.main.js:434:109559)
    at vscode-file://vscode-app/usr/share/code/resources/app/out/vs/workbench/workbench.desktop.main.js:929:23076
    at async O_e.trigger (vscode-file://vscode-app/usr/share/code/resources/app/out/vs/workbench/workbench.desktop.main.js:929:51872)
