2026-06-22 15:19:41.041 [info] Reading sessions from keychain...
2026-06-22 15:19:41.042 [info] Getting sessions for all scopes...
2026-06-22 15:19:41.042 [info] Got 0 sessions for ...
2026-06-22 15:19:41.042 [info] Getting sessions for all scopes...
2026-06-22 15:19:41.042 [info] Got 0 sessions for ...
2026-06-22 15:19:41.042 [info] Getting sessions for all scopes...
2026-06-22 15:19:41.042 [info] Got 0 sessions for ...
2026-06-22 15:19:41.042 [info] Getting sessions for read:user,repo,user:email,workflow...
2026-06-22 15:19:41.042 [info] Got 0 sessions for read:user,repo,user:email,workflow...
2026-06-22 15:19:48.566 [info] Reading sessions from keychain...
2026-06-22 15:19:48.566 [info] Getting sessions for all scopes...
2026-06-22 15:19:48.566 [info] Got 0 sessions for ...
2026-06-22 15:19:48.566 [info] Getting sessions for all scopes...
2026-06-22 15:19:48.566 [info] Got 0 sessions for ...
2026-06-22 15:19:48.566 [info] Getting sessions for all scopes...
2026-06-22 15:19:48.566 [info] Got 0 sessions for ...
2026-06-22 15:19:48.741 [info] Getting sessions for read:user,repo,user:email,workflow...
2026-06-22 15:19:48.741 [info] Got 0 sessions for read:user,repo,user:email,workflow...
2026-06-22 15:19:48.746 [info] Getting sessions for all scopes...
2026-06-22 15:19:48.746 [info] Got 0 sessions for ...
2026-06-22 15:19:48.999 [info] Getting sessions for all scopes...
2026-06-22 15:19:48.999 [info] Got 0 sessions for ...
2026-06-22 15:21:36.057 [info] Getting sessions for all scopes...
2026-06-22 15:21:36.057 [info] Got 0 sessions for ...
