2026-06-22 16:09:50.554 [info] Reading sessions from keychain...
2026-06-22 16:09:50.554 [info] Getting sessions for all scopes...
2026-06-22 16:09:50.555 [info] Got stored sessions!
2026-06-22 16:09:50.555 [info] Got 1 verified sessions.
2026-06-22 16:09:50.555 [info] Got 1 sessions for ...
2026-06-22 16:09:50.555 [info] Getting sessions for all scopes...
2026-06-22 16:09:50.555 [info] Got 1 sessions for ...
2026-06-22 16:09:50.555 [info] Getting sessions for all scopes...
2026-06-22 16:09:50.555 [info] Got 1 sessions for ...
2026-06-22 16:09:50.555 [info] Getting sessions for all scopes...
2026-06-22 16:09:50.555 [info] Got 1 sessions for ...
2026-06-22 16:09:53.119 [info] Getting sessions for user:email...
2026-06-22 16:09:53.119 [info] Got 0 sessions for user:email...
2026-06-22 16:09:53.161 [info] Getting sessions for all scopes...
2026-06-22 16:09:53.161 [info] Got 1 sessions for ...
2026-06-22 16:09:53.306 [info] Getting sessions for all scopes...
2026-06-22 16:09:53.306 [info] Got 1 sessions for ...
2026-06-22 16:09:53.307 [info] Getting sessions for all scopes...
2026-06-22 16:09:53.307 [info] Got 1 sessions for ...
2026-06-22 16:09:53.557 [info] Getting sessions for read:user,repo,user:email,workflow...
2026-06-22 16:09:53.557 [info] Got 1 sessions for read:user,repo,user:email,workflow...
2026-06-22 16:09:54.230 [info] Getting sessions for user:email...
2026-06-22 16:09:54.230 [info] Got 0 sessions for user:email...
2026-06-22 16:09:54.311 [info] Getting sessions for all scopes...
2026-06-22 16:09:54.311 [info] Got 1 sessions for ...
2026-06-22 16:09:54.313 [info] Getting sessions for read:user,repo,user:email,workflow...
2026-06-22 16:09:54.313 [info] Got 1 sessions for read:user,repo,user:email,workflow...
2026-06-22 16:09:54.575 [info] FetcherService: Electron fetch failed with status: 429 
2026-06-22 16:09:54.594 [info] Unable to resolve optional EDU details. Status: 429 
2026-06-22 16:09:56.625 [info] Getting sessions for all scopes...
2026-06-22 16:09:56.625 [info] Got 1 sessions for ...
2026-06-22 16:09:56.626 [info] Getting sessions for all scopes...
2026-06-22 16:09:56.626 [info] Got 1 sessions for ...
2026-06-22 16:09:56.759 [info] Getting sessions for read:user,repo,user:email,workflow...
2026-06-22 16:09:56.759 [info] Got 1 sessions for read:user,repo,user:email,workflow...
2026-06-22 16:09:57.240 [info] Getting sessions for all scopes...
2026-06-22 16:09:57.241 [info] Got 1 sessions for ...
2026-06-22 16:09:57.241 [info] Getting sessions for all scopes...
2026-06-22 16:09:57.241 [info] Got 1 sessions for ...
2026-06-22 16:09:57.270 [info] Getting sessions for read:user,repo,user:email,workflow...
2026-06-22 16:09:57.270 [info] Got 1 sessions for read:user,repo,user:email,workflow...
2026-06-22 16:09:57.742 [info] Getting sessions for all scopes...
2026-06-22 16:09:57.742 [info] Got 1 sessions for ...
2026-06-22 16:09:57.743 [info] Getting sessions for all scopes...
2026-06-22 16:09:57.743 [info] Got 1 sessions for ...
2026-06-22 16:09:57.744 [info] Getting sessions for all scopes...
2026-06-22 16:09:57.744 [info] Got 1 sessions for ...
2026-06-22 16:09:57.751 [info] Getting sessions for all scopes...
2026-06-22 16:09:57.751 [info] Got 1 sessions for ...
2026-06-22 16:09:57.759 [info] Getting sessions for read:user,repo,user:email,workflow...
2026-06-22 16:09:57.759 [info] Got 1 sessions for read:user,repo,user:email,workflow...
2026-06-22 16:09:58.414 [info] Getting sessions for all scopes...
2026-06-22 16:09:58.414 [info] Got 1 sessions for ...
2026-06-22 16:09:58.424 [info] Getting sessions for read:user,repo,user:email,workflow...
2026-06-22 16:09:58.424 [info] Got 1 sessions for read:user,repo,user:email,workflow...
2026-06-22 16:09:59.539 [info] Getting sessions for all scopes...
2026-06-22 16:09:59.539 [info] Got 1 sessions for ...
2026-06-22 16:09:59.585 [info] Getting sessions for read:user,repo,user:email,workflow...
2026-06-22 16:09:59.585 [info] Got 1 sessions for read:user,repo,user:email,workflow...
2026-06-22 16:10:11.584 [info] Getting sessions for all scopes...
2026-06-22 16:10:11.584 [info] Got 1 sessions for ...
2026-06-22 16:10:11.588 [info] Getting sessions for all scopes...
2026-06-22 16:10:11.588 [info] Got 1 sessions for ...
2026-06-22 16:31:20.314 [info] Getting sessions for all scopes...
2026-06-22 16:31:20.314 [info] Got 1 sessions for ...
2026-06-22 16:31:20.316 [info] Getting sessions for read:user,repo,user:email,workflow...
2026-06-22 16:31:20.316 [info] Got 1 sessions for read:user,repo,user:email,workflow...
2026-06-22 16:31:21.366 [info] Getting sessions for all scopes...
2026-06-22 16:31:21.366 [info] Got 1 sessions for ...
2026-06-22 16:31:21.367 [info] Getting sessions for all scopes...
2026-06-22 16:31:21.367 [info] Got 1 sessions for ...
2026-06-22 16:31:21.369 [info] Getting sessions for read:user,repo,user:email,workflow...
2026-06-22 16:31:21.369 [info] Got 1 sessions for read:user,repo,user:email,workflow...
2026-06-22 16:31:21.398 [info] Getting sessions for all scopes...
2026-06-22 16:31:21.398 [info] Got 1 sessions for ...
2026-06-22 16:31:21.400 [info] Getting sessions for all scopes...
2026-06-22 16:31:21.400 [info] Got 1 sessions for ...
2026-06-22 16:31:21.413 [info] Getting sessions for read:user,repo,user:email,workflow...
2026-06-22 16:31:21.413 [info] Got 1 sessions for read:user,repo,user:email,workflow...
2026-06-22 16:31:53.471 [info] Getting sessions for all scopes...
2026-06-22 16:31:53.471 [info] Got 1 sessions for ...
2026-06-22 16:31:53.481 [info] Getting sessions for read:user,repo,user:email,workflow...
2026-06-22 16:31:53.481 [info] Got 1 sessions for read:user,repo,user:email,workflow...
2026-06-22 16:31:54.098 [info] Getting sessions for all scopes...
2026-06-22 16:31:54.098 [info] Got 1 sessions for ...
2026-06-22 16:31:54.118 [info] Getting sessions for read:user,repo,user:email,workflow...
2026-06-22 16:31:54.118 [info] Got 1 sessions for read:user,repo,user:email,workflow...
2026-06-22 16:52:25.961 [info] Getting sessions for all scopes...
2026-06-22 16:52:25.961 [info] Got 1 sessions for ...
2026-06-22 16:52:25.967 [info] Getting sessions for read:user,repo,user:email,workflow...
2026-06-22 16:52:25.967 [info] Got 1 sessions for read:user,repo,user:email,workflow...
2026-06-22 16:52:27.087 [info] Getting sessions for all scopes...
2026-06-22 16:52:27.087 [info] Got 1 sessions for ...
2026-06-22 16:52:27.089 [info] Getting sessions for all scopes...
2026-06-22 16:52:27.089 [info] Got 1 sessions for ...
2026-06-22 16:52:27.126 [info] Getting sessions for read:user,repo,user:email,workflow...
2026-06-22 16:52:27.126 [info] Got 1 sessions for read:user,repo,user:email,workflow...
2026-06-22 16:52:27.189 [info] Getting sessions for all scopes...
2026-06-22 16:52:27.189 [info] Got 1 sessions for ...
2026-06-22 16:52:27.191 [info] Getting sessions for all scopes...
2026-06-22 16:52:27.191 [info] Got 1 sessions for ...
2026-06-22 16:52:27.194 [info] Getting sessions for read:user,repo,user:email,workflow...
2026-06-22 16:52:27.194 [info] Got 1 sessions for read:user,repo,user:email,workflow...
2026-06-22 17:01:29.863 [info] Getting sessions for all scopes...
2026-06-22 17:01:29.863 [info] Got 1 sessions for ...
2026-06-22 17:01:29.873 [info] Getting sessions for read:user,repo,user:email,workflow...
2026-06-22 17:01:29.873 [info] Got 1 sessions for read:user,repo,user:email,workflow...
2026-06-22 17:01:30.623 [info] Getting sessions for all scopes...
2026-06-22 17:01:30.623 [info] Got 1 sessions for ...
2026-06-22 17:01:30.624 [info] Getting sessions for read:user,repo,user:email,workflow...
2026-06-22 17:01:30.624 [info] Got 1 sessions for read:user,repo,user:email,workflow...
2026-06-22 17:08:24.313 [info] Getting sessions for all scopes...
2026-06-22 17:08:24.314 [info] Got 1 sessions for ...
2026-06-22 17:08:24.316 [info] Getting sessions for all scopes...
2026-06-22 17:08:24.317 [info] Got 1 sessions for ...
2026-06-22 17:08:55.676 [info] Getting sessions for all scopes...
2026-06-22 17:08:55.676 [info] Got 1 sessions for ...
2026-06-22 17:08:55.679 [info] Getting sessions for all scopes...
2026-06-22 17:08:55.679 [info] Got 1 sessions for ...
2026-06-22 17:10:09.791 [info] Getting sessions for all scopes...
2026-06-22 17:10:09.791 [info] Got 1 sessions for ...
2026-06-22 17:10:09.792 [info] Getting sessions for all scopes...
2026-06-22 17:10:09.792 [info] Got 1 sessions for ...
