2026-06-22 15:18:29.557 [info] Extension host with pid 66787 started
2026-06-22 15:18:29.582 [info] ExtensionService#_doActivateExtension vscode.git-base, startup: false, activationEvent: 'onCommand:antigravity.importVSCodeRecentWorkspaces', root cause: google.antigravity
2026-06-22 15:18:29.603 [info] ExtensionService#_doActivateExtension vscode.git, startup: false, activationEvent: 'onCommand:antigravity.importVSCodeRecentWorkspaces', root cause: google.antigravity
2026-06-22 15:18:29.685 [info] ExtensionService#_doActivateExtension vscode.github, startup: false, activationEvent: '*'
2026-06-22 15:18:29.805 [info] ExtensionService#_doActivateExtension google.antigravity, startup: false, activationEvent: 'onCommand:antigravity.importVSCodeRecentWorkspaces'
2026-06-22 15:18:31.215 [info] ExtensionService#_doActivateExtension vscode.terminal-suggest, startup: false, activationEvent: 'onTerminalShellIntegration:*'
2026-06-22 15:18:32.854 [info] Eager extensions activated
2026-06-22 15:18:32.864 [info] ExtensionService#_doActivateExtension google.antigravity-dev-containers, startup: false, activationEvent: 'onStartupFinished'
2026-06-22 15:18:32.871 [info] ExtensionService#_doActivateExtension vscode.debug-auto-launch, startup: false, activationEvent: 'onStartupFinished'
2026-06-22 15:18:32.875 [info] ExtensionService#_doActivateExtension vscode.merge-conflict, startup: false, activationEvent: 'onStartupFinished'
2026-06-22 15:19:34.403 [info] Extension host terminating: renderer closed the MessagePort
2026-06-22 15:19:34.430 [info] Extension host with pid 66787 exiting with code 0
2026-06-22 15:19:39.288 [info] Extension host with pid 67311 started
2026-06-22 15:19:39.288 [info] Skipping acquiring lock for /home/sara/.config/Antigravity/User/workspaceStorage/e2c15244886cbe04eac7b2a455bb0d9e.
2026-06-22 15:19:39.334 [info] ExtensionService#_doActivateExtension vscode.git-base, startup: true, activationEvent: '*', root cause: google.antigravity
2026-06-22 15:19:39.381 [info] ExtensionService#_doActivateExtension vscode.git, startup: true, activationEvent: '*', root cause: google.antigravity
2026-06-22 15:19:39.487 [info] ExtensionService#_doActivateExtension vscode.github, startup: true, activationEvent: '*'
2026-06-22 15:19:39.716 [info] ExtensionService#_doActivateExtension google.antigravity, startup: true, activationEvent: '*'
2026-06-22 15:19:40.484 [info] ExtensionService#_doActivateExtension vscode.emmet, startup: false, activationEvent: 'onLanguage'
2026-06-22 15:19:40.860 [info] ExtensionService#_doActivateExtension vscode.github-authentication, startup: false, activationEvent: 'onAuthenticationRequest:github'
2026-06-22 15:19:42.203 [info] Extension host terminating: renderer closed the MessagePort
2026-06-22 15:19:42.230 [info] Extension host with pid 67311 exiting with code 0
2026-06-22 15:19:46.550 [info] Extension host with pid 67401 started
2026-06-22 15:19:46.550 [info] Skipping acquiring lock for /home/sara/.config/Antigravity/User/workspaceStorage/e2c15244886cbe04eac7b2a455bb0d9e.
2026-06-22 15:19:46.616 [info] ExtensionService#_doActivateExtension vscode.git-base, startup: true, activationEvent: '*', root cause: google.antigravity
2026-06-22 15:19:46.678 [info] ExtensionService#_doActivateExtension vscode.git, startup: true, activationEvent: '*', root cause: google.antigravity
2026-06-22 15:19:46.804 [info] ExtensionService#_doActivateExtension vscode.github, startup: true, activationEvent: '*'
2026-06-22 15:19:47.053 [info] ExtensionService#_doActivateExtension google.antigravity, startup: true, activationEvent: '*'
2026-06-22 15:19:47.815 [info] ExtensionService#_doActivateExtension vscode.emmet, startup: false, activationEvent: 'onLanguage'
2026-06-22 15:19:48.310 [info] ExtensionService#_doActivateExtension vscode.github-authentication, startup: false, activationEvent: 'onAuthenticationRequest:github'
2026-06-22 15:19:48.573 [info] ExtensionService#_doActivateExtension vscode.terminal-suggest, startup: false, activationEvent: 'onTerminalShellIntegration:*'
2026-06-22 15:19:51.679 [info] Eager extensions activated
2026-06-22 15:19:51.682 [info] ExtensionService#_doActivateExtension google.antigravity-dev-containers, startup: false, activationEvent: 'onStartupFinished'
2026-06-22 15:19:51.690 [info] ExtensionService#_doActivateExtension vscode.debug-auto-launch, startup: false, activationEvent: 'onStartupFinished'
2026-06-22 15:19:51.695 [info] ExtensionService#_doActivateExtension vscode.merge-conflict, startup: false, activationEvent: 'onStartupFinished'
2026-06-22 15:24:46.600 [info] Extension host terminating: renderer closed the MessagePort
2026-06-22 15:24:46.661 [info] Extension host with pid 67401 exiting with code 0
