2026-06-23 15:31:56.132 [info] Reading sessions from keychain...
2026-06-23 15:31:56.132 [info] Getting sessions for all scopes...
2026-06-23 15:31:56.132 [info] Got stored sessions!
2026-06-23 15:31:56.132 [info] Got 1 verified sessions.
2026-06-23 15:31:56.132 [info] Got 1 sessions for ...
2026-06-23 15:31:56.132 [info] Getting sessions for all scopes...
2026-06-23 15:31:56.132 [info] Got 1 sessions for ...
2026-06-23 15:31:56.132 [info] Getting sessions for all scopes...
2026-06-23 15:31:56.132 [info] Got 1 sessions for ...
2026-06-23 15:31:56.132 [info] Getting sessions for all scopes...
2026-06-23 15:31:56.132 [info] Got 1 sessions for ...
2026-06-23 15:31:58.981 [info] Getting sessions for user:email...
2026-06-23 15:31:58.981 [info] Got 0 sessions for user:email...
2026-06-23 15:32:01.109 [info] Getting sessions for all scopes...
2026-06-23 15:32:01.109 [info] Got 1 sessions for ...
2026-06-23 15:32:01.110 [info] Getting sessions for all scopes...
2026-06-23 15:32:01.110 [info] Got 1 sessions for ...
2026-06-23 15:32:01.414 [info] FetcherService: Electron fetch failed with status: 429 
2026-06-23 15:32:01.431 [info] Unable to resolve optional EDU details. Status: 429 
2026-06-23 15:32:01.583 [info] Getting sessions for all scopes...
2026-06-23 15:32:01.583 [info] Got 1 sessions for ...
2026-06-23 15:32:01.622 [info] Getting sessions for all scopes...
2026-06-23 15:32:01.622 [info] Got 1 sessions for ...
2026-06-23 15:32:01.707 [info] Getting sessions for read:user,repo,user:email,workflow...
2026-06-23 15:32:01.707 [info] Got 1 sessions for read:user,repo,user:email,workflow...
2026-06-23 15:32:01.993 [info] Getting sessions for user:email...
2026-06-23 15:32:01.993 [info] Got 0 sessions for user:email...
2026-06-23 15:32:03.415 [info] Getting sessions for all scopes...
2026-06-23 15:32:03.415 [info] Got 1 sessions for ...
2026-06-23 15:32:03.417 [info] Getting sessions for read:user,repo,user:email,workflow...
2026-06-23 15:32:03.417 [info] Got 1 sessions for read:user,repo,user:email,workflow...
2026-06-23 15:32:03.880 [info] Getting sessions for all scopes...
2026-06-23 15:32:03.880 [info] Got 1 sessions for ...
2026-06-23 15:32:03.880 [info] Getting sessions for all scopes...
2026-06-23 15:32:03.880 [info] Got 1 sessions for ...
2026-06-23 15:32:03.883 [info] Getting sessions for read:user,repo,user:email,workflow...
2026-06-23 15:32:03.883 [info] Got 1 sessions for read:user,repo,user:email,workflow...
2026-06-23 15:32:04.239 [info] Getting sessions for all scopes...
2026-06-23 15:32:04.239 [info] Got 1 sessions for ...
2026-06-23 15:32:04.266 [info] Getting sessions for all scopes...
2026-06-23 15:32:04.266 [info] Got 1 sessions for ...
2026-06-23 15:32:04.266 [info] Getting sessions for all scopes...
2026-06-23 15:32:04.266 [info] Got 1 sessions for ...
2026-06-23 15:32:04.268 [info] Getting sessions for all scopes...
2026-06-23 15:32:04.268 [info] Got 1 sessions for ...
2026-06-23 15:32:04.279 [info] Getting sessions for read:user,repo,user:email,workflow...
2026-06-23 15:32:04.279 [info] Got 1 sessions for read:user,repo,user:email,workflow...
2026-06-23 15:32:04.743 [info] Getting sessions for all scopes...
2026-06-23 15:32:04.743 [info] Got 1 sessions for ...
2026-06-23 15:32:04.782 [info] Getting sessions for read:user,repo,user:email,workflow...
2026-06-23 15:32:04.782 [info] Got 1 sessions for read:user,repo,user:email,workflow...
2026-06-23 15:33:24.191 [info] Getting sessions for all scopes...
2026-06-23 15:33:24.191 [info] Got 1 sessions for ...
2026-06-23 15:33:24.192 [info] Getting sessions for all scopes...
2026-06-23 15:33:24.192 [info] Got 1 sessions for ...
2026-06-23 15:53:13.252 [info] Getting sessions for all scopes...
2026-06-23 15:53:13.252 [info] Got 1 sessions for ...
2026-06-23 15:53:13.254 [info] Getting sessions for read:user,repo,user:email,workflow...
2026-06-23 15:53:13.255 [info] Got 1 sessions for read:user,repo,user:email,workflow...
2026-06-23 15:53:14.470 [info] Getting sessions for all scopes...
2026-06-23 15:53:14.470 [info] Got 1 sessions for ...
2026-06-23 15:53:14.470 [info] Getting sessions for all scopes...
2026-06-23 15:53:14.470 [info] Got 1 sessions for ...
2026-06-23 15:53:14.473 [info] Getting sessions for read:user,repo,user:email,workflow...
2026-06-23 15:53:14.473 [info] Got 1 sessions for read:user,repo,user:email,workflow...
2026-06-23 15:53:14.514 [info] Getting sessions for all scopes...
2026-06-23 15:53:14.514 [info] Got 1 sessions for ...
2026-06-23 15:53:14.516 [info] Getting sessions for all scopes...
2026-06-23 15:53:14.516 [info] Got 1 sessions for ...
2026-06-23 15:53:14.520 [info] Getting sessions for read:user,repo,user:email,workflow...
2026-06-23 15:53:14.520 [info] Got 1 sessions for read:user,repo,user:email,workflow...
2026-06-23 15:54:31.803 [info] Getting sessions for all scopes...
2026-06-23 15:54:31.803 [info] Got 1 sessions for ...
2026-06-23 15:54:31.818 [info] Getting sessions for read:user,repo,user:email,workflow...
2026-06-23 15:54:31.818 [info] Got 1 sessions for read:user,repo,user:email,workflow...
2026-06-23 15:54:32.438 [info] Getting sessions for all scopes...
2026-06-23 15:54:32.439 [info] Got 1 sessions for ...
2026-06-23 15:54:32.440 [info] Getting sessions for read:user,repo,user:email,workflow...
2026-06-23 15:54:32.440 [info] Got 1 sessions for read:user,repo,user:email,workflow...
2026-06-23 16:14:16.939 [info] Getting sessions for all scopes...
2026-06-23 16:14:16.939 [info] Got 1 sessions for ...
2026-06-23 16:14:16.941 [info] Getting sessions for read:user,repo,user:email,workflow...
2026-06-23 16:14:16.941 [info] Got 1 sessions for read:user,repo,user:email,workflow...
2026-06-23 16:14:17.953 [info] Getting sessions for all scopes...
2026-06-23 16:14:17.954 [info] Got 1 sessions for ...
2026-06-23 16:14:17.954 [info] Getting sessions for all scopes...
2026-06-23 16:14:17.954 [info] Got 1 sessions for ...
2026-06-23 16:14:17.957 [info] Getting sessions for read:user,repo,user:email,workflow...
2026-06-23 16:14:17.957 [info] Got 1 sessions for read:user,repo,user:email,workflow...
2026-06-23 16:14:17.993 [info] Getting sessions for all scopes...
2026-06-23 16:14:17.993 [info] Got 1 sessions for ...
2026-06-23 16:14:17.995 [info] Getting sessions for all scopes...
2026-06-23 16:14:17.995 [info] Got 1 sessions for ...
2026-06-23 16:14:17.996 [info] Getting sessions for read:user,repo,user:email,workflow...
2026-06-23 16:14:17.996 [info] Got 1 sessions for read:user,repo,user:email,workflow...
2026-06-23 16:15:06.033 [info] Getting sessions for all scopes...
2026-06-23 16:15:06.033 [info] Got 1 sessions for ...
2026-06-23 16:15:06.046 [info] Getting sessions for read:user,repo,user:email,workflow...
2026-06-23 16:15:06.046 [info] Got 1 sessions for read:user,repo,user:email,workflow...
2026-06-23 16:15:06.548 [info] Getting sessions for all scopes...
2026-06-23 16:15:06.548 [info] Got 1 sessions for ...
2026-06-23 16:15:06.549 [info] Getting sessions for read:user,repo,user:email,workflow...
2026-06-23 16:15:06.549 [info] Got 1 sessions for read:user,repo,user:email,workflow...
