2026-06-22 15:13:04.039 [info] Reading sessions from keychain...
2026-06-22 15:13:04.039 [info] Getting sessions for all scopes...
2026-06-22 15:13:04.039 [info] Got 0 sessions for ...
2026-06-22 15:13:04.039 [info] Reading sessions from keychain...
2026-06-22 15:13:04.039 [info] Getting sessions for all scopes...
2026-06-22 15:13:04.039 [info] Got 0 sessions for ...
2026-06-22 15:13:04.039 [info] Getting sessions for all scopes...
2026-06-22 15:13:04.039 [info] Got 0 sessions for ...
2026-06-22 15:13:04.039 [info] Getting sessions for all scopes...
2026-06-22 15:13:04.039 [info] Got 0 sessions for ...
2026-06-22 15:13:04.039 [info] Getting sessions for all scopes...
2026-06-22 15:13:04.039 [info] Got 0 sessions for ...
2026-06-22 15:13:04.039 [info] Getting sessions for all scopes...
2026-06-22 15:13:04.039 [info] Got 0 sessions for ...
2026-06-22 15:13:04.044 [info] Getting sessions for user:email...
2026-06-22 15:13:04.044 [info] Got 0 sessions for user:email...
2026-06-22 15:13:04.044 [info] Getting sessions for read:user,repo,user:email,workflow...
2026-06-22 15:13:04.044 [info] Got 0 sessions for read:user,repo,user:email,workflow...
2026-06-22 15:13:04.436 [info] Getting sessions for user:email...
2026-06-22 15:13:04.437 [info] Got 0 sessions for user:email...
2026-06-22 15:13:05.074 [info] Getting sessions for all scopes...
2026-06-22 15:13:05.075 [info] Got 0 sessions for ...
2026-06-22 15:13:05.170 [info] Getting sessions for user:email...
2026-06-22 15:13:05.170 [info] Got 0 sessions for user:email...
2026-06-22 15:13:05.907 [info] Getting sessions for all scopes...
2026-06-22 15:13:05.907 [info] Got 0 sessions for ...
2026-06-22 15:13:07.795 [info] Getting sessions for all scopes...
2026-06-22 15:13:07.795 [info] Got 0 sessions for ...
2026-06-22 15:13:07.795 [info] Getting sessions for all scopes...
2026-06-22 15:13:07.795 [info] Got 0 sessions for ...
2026-06-22 15:13:07.796 [info] Getting sessions for all scopes...
2026-06-22 15:13:07.796 [info] Got 0 sessions for ...
2026-06-22 15:13:07.863 [info] Getting sessions for user:email...
2026-06-22 15:13:07.863 [info] Got 0 sessions for user:email...
2026-06-22 15:13:07.863 [info] Getting sessions for read:user,repo,user:email,workflow...
2026-06-22 15:13:07.863 [info] Got 0 sessions for read:user,repo,user:email,workflow...
2026-06-22 15:13:08.173 [info] Getting sessions for all scopes...
2026-06-22 15:13:08.173 [info] Got 0 sessions for ...
2026-06-22 15:13:08.173 [info] Getting sessions for all scopes...
2026-06-22 15:13:08.173 [info] Got 0 sessions for ...
2026-06-22 15:13:08.241 [info] Getting sessions for user:email...
2026-06-22 15:13:08.241 [info] Got 0 sessions for user:email...
2026-06-22 15:13:08.242 [info] Getting sessions for read:user,repo,user:email,workflow...
2026-06-22 15:13:08.242 [info] Got 0 sessions for read:user,repo,user:email,workflow...
2026-06-22 15:13:29.387 [info] Logging in with 'any' account...
2026-06-22 15:13:29.387 [info] Logging in for the following scopes: read:user repo user:email workflow
2026-06-22 15:13:29.481 [info] Trying with local server... (read:user repo user:email workflow)
2026-06-22 15:13:38.942 [info] Exchanging code for token...
2026-06-22 15:13:39.448 [info] Token exchange success!
2026-06-22 15:13:39.450 [info] Getting user info...
2026-06-22 15:13:39.942 [info] Got account info!
2026-06-22 15:13:39.943 [info] Storing 1 sessions...
2026-06-22 15:13:39.950 [info] Reading sessions from keychain...
2026-06-22 15:13:39.950 [info] Stored 1 sessions!
2026-06-22 15:13:39.951 [info] Login success!
2026-06-22 15:13:39.955 [info] Getting sessions for user:email...
2026-06-22 15:13:39.955 [info] Got stored sessions!
2026-06-22 15:13:39.956 [info] Got 1 verified sessions.
2026-06-22 15:13:39.956 [info] Got 0 sessions for user:email...
2026-06-22 15:13:39.959 [info] Getting sessions for all scopes...
2026-06-22 15:13:39.960 [info] Got 1 sessions for ...
2026-06-22 15:13:39.961 [info] Getting sessions for all scopes...
2026-06-22 15:13:39.961 [info] Got 1 sessions for ...
2026-06-22 15:13:39.967 [info] Getting sessions for read:user,repo,user:email,workflow...
2026-06-22 15:13:39.967 [info] Got 1 sessions for read:user,repo,user:email,workflow...
2026-06-22 15:13:39.984 [info] Getting sessions for all scopes...
2026-06-22 15:13:39.984 [info] Got 1 sessions for ...
2026-06-22 15:13:39.986 [info] Getting sessions for read:user,repo,user:email,workflow...
2026-06-22 15:13:39.986 [info] Got 1 sessions for read:user,repo,user:email,workflow...
2026-06-22 15:13:40.054 [info] Getting sessions for all scopes...
2026-06-22 15:13:40.054 [info] Got 1 sessions for ...
2026-06-22 15:13:40.055 [info] Getting sessions for all scopes...
2026-06-22 15:13:40.055 [info] Got 1 sessions for ...
2026-06-22 15:13:40.484 [info] FetcherService: Electron fetch failed with status: 429 
2026-06-22 15:13:40.484 [info] Unable to resolve optional EDU details. Status: 429 
2026-06-22 15:13:40.645 [info] Getting sessions for all scopes...
2026-06-22 15:13:40.645 [info] Got 1 sessions for ...
2026-06-22 15:13:40.646 [info] Getting sessions for all scopes...
2026-06-22 15:13:40.646 [info] Got 1 sessions for ...
2026-06-22 15:13:40.650 [info] Getting sessions for read:user,repo,user:email,workflow...
2026-06-22 15:13:40.650 [info] Got 1 sessions for read:user,repo,user:email,workflow...
2026-06-22 15:13:40.789 [info] Getting sessions for all scopes...
2026-06-22 15:13:40.789 [info] Got 1 sessions for ...
2026-06-22 15:13:40.802 [info] Getting sessions for all scopes...
2026-06-22 15:13:40.802 [info] Got 1 sessions for ...
2026-06-22 15:13:40.808 [info] Getting sessions for read:user,repo,user:email,workflow...
2026-06-22 15:13:40.808 [info] Got 1 sessions for read:user,repo,user:email,workflow...
2026-06-22 15:13:40.833 [info] Getting sessions for all scopes...
2026-06-22 15:13:40.833 [info] Got 1 sessions for ...
2026-06-22 15:13:40.866 [info] Getting sessions for all scopes...
2026-06-22 15:13:40.866 [info] Got 1 sessions for ...
2026-06-22 15:13:41.620 [info] Getting sessions for all scopes...
2026-06-22 15:13:41.620 [info] Got 1 sessions for ...
2026-06-22 15:13:41.628 [info] Getting sessions for read:user,repo,user:email,workflow...
2026-06-22 15:13:41.629 [info] Got 1 sessions for read:user,repo,user:email,workflow...
2026-06-22 15:13:42.002 [info] Getting sessions for all scopes...
2026-06-22 15:13:42.002 [info] Got 1 sessions for ...
2026-06-22 15:13:42.017 [info] Getting sessions for read:user,repo,user:email,workflow...
2026-06-22 15:13:42.017 [info] Got 1 sessions for read:user,repo,user:email,workflow...
2026-06-22 15:13:42.484 [info] Getting sessions for all scopes...
2026-06-22 15:13:42.484 [info] Got 1 sessions for ...
2026-06-22 15:13:42.527 [info] Getting sessions for read:user,repo,user:email,workflow...
2026-06-22 15:13:42.528 [info] Got 1 sessions for read:user,repo,user:email,workflow...
2026-06-22 15:13:45.767 [info] Getting sessions for all scopes...
2026-06-22 15:13:45.768 [info] Got 1 sessions for ...
2026-06-22 15:13:45.769 [info] Getting sessions for all scopes...
2026-06-22 15:13:45.769 [info] Got 1 sessions for ...
2026-06-22 15:13:49.826 [info] Getting sessions for all scopes...
2026-06-22 15:13:49.826 [info] Got 1 sessions for ...
2026-06-22 15:13:49.827 [info] Getting sessions for all scopes...
2026-06-22 15:13:49.827 [info] Got 1 sessions for ...
2026-06-22 15:14:26.607 [info] Getting sessions for all scopes...
2026-06-22 15:14:26.607 [info] Got 1 sessions for ...
2026-06-22 15:14:26.608 [info] Getting sessions for all scopes...
2026-06-22 15:14:26.608 [info] Got 1 sessions for ...
