2026-06-22 14:43:55.596 [info] [main] Log level: Info
2026-06-22 14:43:55.596 [info] [main] Validating found git in: "git"
2026-06-22 14:43:55.596 [info] [main] Using git "2.34.1" from "git"
2026-06-22 14:43:55.596 [info] [Model][doInitialScan] Initial repository scan started
2026-06-22 14:43:55.596 [info] > git rev-parse --show-toplevel [5ms]
2026-06-22 14:43:55.596 [info] fatal: not a git repository (or any of the parent directories): .git
2026-06-22 14:43:55.596 [info] > git rev-parse --show-toplevel [5ms]
2026-06-22 14:43:55.596 [info] fatal: not a git repository (or any of the parent directories): .git
2026-06-22 14:43:55.596 [info] [Model][doInitialScan] Initial repository scan completed - repositories (0), closed repositories (0), parent repositories (0), unsafe repositories (0)
2026-06-22 14:43:55.626 [info] > git rev-parse --show-toplevel [19ms]
2026-06-22 14:43:55.626 [info] fatal: not a git repository (or any of the parent directories): .git
2026-06-22 14:44:06.270 [info] > git rev-parse --show-toplevel [8ms]
2026-06-22 14:44:06.270 [info] fatal: not a git repository (or any of the parent directories): .git
2026-06-22 14:44:07.047 [info] > git rev-parse --show-toplevel [47ms]
2026-06-22 14:44:07.047 [info] fatal: not a git repository (or any of the parent directories): .git
2026-06-22 14:44:16.302 [info] > git rev-parse --show-toplevel [4ms]
2026-06-22 14:44:16.302 [info] fatal: not a git repository (or any of the parent directories): .git
2026-06-22 14:44:30.917 [info] > git rev-parse --show-toplevel [2ms]
2026-06-22 14:44:30.917 [info] fatal: not a git repository (or any of the parent directories): .git
2026-06-22 14:51:43.842 [info] > git rev-parse --show-toplevel [2ms]
2026-06-22 14:51:43.842 [info] fatal: not a git repository (or any of the parent directories): .git
2026-06-22 14:51:43.913 [info] > git rev-parse --show-toplevel [3ms]
2026-06-22 14:51:43.913 [info] fatal: not a git repository (or any of the parent directories): .git
2026-06-22 14:51:44.052 [info] > git rev-parse --show-toplevel [3ms]
2026-06-22 14:51:44.052 [info] fatal: not a git repository (or any of the parent directories): .git
2026-06-22 14:51:46.691 [info] > git rev-parse --show-toplevel [18ms]
2026-06-22 14:51:46.691 [info] fatal: not a git repository (or any of the parent directories): .git
2026-06-22 14:51:46.862 [info] > git rev-parse --show-toplevel [28ms]
2026-06-22 14:51:46.862 [info] fatal: not a git repository (or any of the parent directories): .git
2026-06-22 14:51:48.835 [info] > git rev-parse --show-toplevel [54ms]
2026-06-22 14:51:48.836 [info] fatal: not a git repository (or any of the parent directories): .git
2026-06-22 14:51:49.680 [info] > git rev-parse --show-toplevel [2ms]
2026-06-22 14:51:49.680 [info] fatal: not a git repository (or any of the parent directories): .git
2026-06-22 14:51:55.392 [info] > git rev-parse --show-toplevel [3ms]
2026-06-22 14:51:55.392 [info] fatal: not a git repository (or any of the parent directories): .git
