2026-06-22 15:26:54.179 [info] [main] Log level: Info
2026-06-22 15:26:54.179 [info] [main] Validating found git in: "git"
2026-06-22 15:26:54.179 [info] [main] Using git "2.34.1" from "git"
2026-06-22 15:26:54.179 [info] [Model][doInitialScan] Initial repository scan started
2026-06-22 15:26:54.179 [info] > git rev-parse --show-toplevel [14ms]
2026-06-22 15:26:54.179 [info] fatal: not a git repository (or any of the parent directories): .git
2026-06-22 15:26:54.179 [info] > git rev-parse --show-toplevel [4ms]
2026-06-22 15:26:54.179 [info] fatal: not a git repository (or any of the parent directories): .git
2026-06-22 15:26:54.179 [info] [Model][doInitialScan] Initial repository scan completed - repositories (0), closed repositories (0), parent repositories (0), unsafe repositories (0)
2026-06-22 15:26:55.028 [info] > git rev-parse --show-toplevel [16ms]
2026-06-22 15:26:55.028 [info] fatal: not a git repository (or any of the parent directories): .git
2026-06-22 15:26:55.131 [info] > git rev-parse --show-toplevel [49ms]
2026-06-22 15:26:55.131 [info] fatal: not a git repository (or any of the parent directories): .git
2026-06-22 15:26:55.149 [info] > git rev-parse --show-toplevel [3ms]
2026-06-22 15:26:55.149 [info] fatal: not a git repository (or any of the parent directories): .git
2026-06-22 15:26:56.504 [info] > git rev-parse --show-toplevel [11ms]
2026-06-22 15:26:56.505 [info] fatal: not a git repository (or any of the parent directories): .git
2026-06-22 15:26:56.530 [info] > git rev-parse --show-toplevel [5ms]
2026-06-22 15:26:56.530 [info] fatal: not a git repository (or any of the parent directories): .git
2026-06-22 15:26:59.047 [info] > git rev-parse --show-toplevel [232ms]
2026-06-22 15:26:59.047 [info] fatal: not a git repository (or any of the parent directories): .git
2026-06-22 15:26:59.431 [info] > git rev-parse --show-toplevel [112ms]
2026-06-22 15:26:59.431 [info] fatal: not a git repository (or any of the parent directories): .git
2026-06-22 15:26:59.493 [info] > git rev-parse --show-toplevel [30ms]
2026-06-22 15:26:59.493 [info] fatal: not a git repository (or any of the parent directories): .git
2026-06-22 15:26:59.520 [info] > git rev-parse --show-toplevel [6ms]
2026-06-22 15:26:59.521 [info] fatal: not a git repository (or any of the parent directories): .git
2026-06-22 15:26:59.553 [info] > git rev-parse --show-toplevel [8ms]
2026-06-22 15:26:59.553 [info] fatal: not a git repository (or any of the parent directories): .git
2026-06-22 15:27:00.220 [info] > git rev-parse --show-toplevel [204ms]
2026-06-22 15:27:00.220 [info] fatal: not a git repository (or any of the parent directories): .git
2026-06-22 15:27:01.019 [info] > git rev-parse --show-toplevel [9ms]
2026-06-22 15:27:01.019 [info] fatal: not a git repository (or any of the parent directories): .git
2026-06-22 15:27:30.552 [info] > git rev-parse --show-toplevel [3ms]
2026-06-22 15:27:30.552 [info] fatal: not a git repository (or any of the parent directories): .git
